// Jest Snapshot v1, https://goo.gl/fbAQLP

exports[`Pruebas en GifItem Debe hacer match con el snapshot 1`] = `
<div>
  <div
    class="card"
  >
    <img
      alt="Goku"
      src="https://goku/goku2.com"
    />
    <p
      class="poppins-regular"
    >
       
      Goku
       
    </p>
  </div>
</div>
`;
